warning: in the working copy of 'src/rounding.js', LF will be replaced by CRLF the next time Git touches it
warning: in the working copy of 'src/discounts.js', LF will be replaced by CRLF the next time Git touches it
diff --git a/src/rounding.js b/src/discounts.js
index 0a39c0f..ddff630 100644
--- a/src/rounding.js
+++ b/src/discounts.js
@@ -1,28 +1,28 @@
 'use strict';
-const { cents } = require('./money');
+const { roundRatio } = require('./rounding');
+const { difference } = require('./money');
 
 /**
- * Round the exact rational numerator / denominator to the nearest integer cent.
- * Inputs are BigInts and denominator must be positive. Exact halfway cases
- * choose the even integer, symmetrically for either sign (0.5 -> 0, 1.5 -> 2,
- * -0.5 -> 0, -1.5 -> -2). No intermediate floating-point precision loss is
- * allowed, even when the numerator exceeds Number.MAX_SAFE_INTEGER. Return a
- * safe integer Number and normalize negative zero; reject unsafe results.
+ * Apply an already-validated discount list strictly in its supplied order.
+ * Each percent discount rounds CURRENT_AMOUNT * rateBps / 10000 to half-even
+ * integer cents, then subtracts that rounded discount. Do not instead round the
+ * remaining amount, combine percentages, or defer rounding until the end.
+ * This also reduces the magnitude of a credit: percentage discount amounts are
+ * signed. Fixed discounts affect only positive balances and cap at zero;
+ * fixed discounts never change credits. A zero balance remains zero.
+ * Called for both line discounts and the positive invoice-discount basis.
  */
-function roundRatio(numerator, denominator) {
-  if (typeof numerator !== 'bigint' || typeof denominator !== 'bigint') {
-    throw new TypeError('A ratio requires BigInts');
+function applyDiscounts(amountCents, discounts) {
+  let current = amountCents;
+  for (const discount of discounts) {
+    if (discount.type === 'fixed') {
+      if (current > 0) current -= Math.min(current, discount.amountCents);
+    } else {
+      const reduction = roundRatio(BigInt(current) * BigInt(discount.rateBps), 10000n);
+      current = difference(current, reduction, 'discounted amount');
+    }
   }
-  if (denominator <= 0n) throw new RangeError('Denominator must be positive');
-  const negative = numerator < 0n;
-  const magnitude = negative ? -numerator : numerator;
-  let quotient = magnitude / denominator;
-  const doubledRemainder = (magnitude % denominator) * 2n;
-  if (doubledRemainder > denominator ||
-      (doubledRemainder === denominator && quotient % 2n !== 0n)) {
-    quotient += 1n;
-  }
-  return cents(negative ? -quotient : quotient, 'rounded cents');
+  return current === 0 ? 0 : current;
 }
 
-module.exports = { roundRatio };
+module.exports = { applyDiscounts };
